Traceback (most recent call last):
  File "C:\Users\ASUS\AppData\Local\Programs\Python\Python39\lib\site-packages\jupyter_core\utils\__init__.py", line 154, in wrapped
    asyncio.get_running_loop()
RuntimeError: no running event loop

During handling of the above exception, another exception occurred:

Traceback (most recent call last):
  File "C:\Users\ASUS\AppData\Local\Programs\Python\Python39\lib\site-packages\jupyter_cache\executors\utils.py", line 58, in single_nb_execution
    executenb(
  File "C:\Users\ASUS\AppData\Local\Programs\Python\Python39\lib\site-packages\nbclient\client.py", line 1305, in execute
    return NotebookClient(nb=nb, resources=resources, km=km, **kwargs).execute()
  File "C:\Users\ASUS\AppData\Local\Programs\Python\Python39\lib\site-packages\jupyter_core\utils\__init__.py", line 158, in wrapped
    return loop.run_until_complete(inner)
  File "C:\Users\ASUS\AppData\Local\Programs\Python\Python39\lib\asyncio\base_events.py", line 642, in run_until_complete
    return future.result()
  File "C:\Users\ASUS\AppData\Local\Programs\Python\Python39\lib\site-packages\nbclient\client.py", line 705, in async_execute
    await self.async_execute_cell(
  File "C:\Users\ASUS\AppData\Local\Programs\Python\Python39\lib\site-packages\nbclient\client.py", line 1058, in async_execute_cell
    await self._check_raise_for_error(cell, cell_index, exec_reply)
  File "C:\Users\ASUS\AppData\Local\Programs\Python\Python39\lib\site-packages\nbclient\client.py", line 914, in _check_raise_for_error
    raise CellExecutionError.from_cell_and_msg(cell, exec_reply_content)
nbclient.exceptions.CellExecutionError: An error occurred while executing the following cell:
------------------
# Libraries
# ==============================================================================
import pandas as pd
import numpy as np
import matplotlib.pyplot as plt
import shap
from sklearn.inspection import permutation_importance
from sklearn.inspection import PartialDependenceDisplay
from lightgbm import LGBMRegressor
from skforecast.datasets import fetch_dataset
from skforecast.recursive import ForecasterRecursive
from skforecast.model_selection import TimeSeriesFold, backtesting_forecaster
from skforecast.plot import set_dark_theme
------------------

----- stderr -----
C:\Users\ASUS\AppData\Local\Programs\Python\Python39\lib\site-packages\tqdm\auto.py:21: TqdmWarning: IProgress not found. Please update jupyter and ipywidgets. See https://ipywidgets.readthedocs.io/en/stable/user_install.html
  from .autonotebook import tqdm as notebook_tqdm
------------------

[1;31m---------------------------------------------------------------------------[0m
[1;31mModuleNotFoundError[0m                       Traceback (most recent call last)
Cell [1;32mIn[1], line 9[0m
[0;32m      7[0m [38;5;28;01mfrom[39;00m[38;5;250m [39m[38;5;21;01msklearn[39;00m[38;5;21;01m.[39;00m[38;5;21;01minspection[39;00m[38;5;250m [39m[38;5;28;01mimport[39;00m permutation_importance
[0;32m      8[0m [38;5;28;01mfrom[39;00m[38;5;250m [39m[38;5;21;01msklearn[39;00m[38;5;21;01m.[39;00m[38;5;21;01minspection[39;00m[38;5;250m [39m[38;5;28;01mimport[39;00m PartialDependenceDisplay
[1;32m----> 9[0m [38;5;28;01mfrom[39;00m[38;5;250m [39m[38;5;21;01mlightgbm[39;00m[38;5;250m [39m[38;5;28;01mimport[39;00m LGBMRegressor
[0;32m     10[0m [38;5;28;01mfrom[39;00m[38;5;250m [39m[38;5;21;01mskforecast[39;00m[38;5;21;01m.[39;00m[38;5;21;01mdatasets[39;00m[38;5;250m [39m[38;5;28;01mimport[39;00m fetch_dataset
[0;32m     11[0m [38;5;28;01mfrom[39;00m[38;5;250m [39m[38;5;21;01mskforecast[39;00m[38;5;21;01m.[39;00m[38;5;21;01mrecursive[39;00m[38;5;250m [39m[38;5;28;01mimport[39;00m ForecasterRecursive

[1;31mModuleNotFoundError[0m: No module named 'lightgbm'

