Traceback (most recent call last):
  File "C:\Users\ASUS\AppData\Local\Programs\Python\Python39\lib\site-packages\jupyter_core\utils\__init__.py", line 154, in wrapped
    asyncio.get_running_loop()
RuntimeError: no running event loop

During handling of the above exception, another exception occurred:

Traceback (most recent call last):
  File "C:\Users\ASUS\AppData\Local\Programs\Python\Python39\lib\site-packages\jupyter_cache\executors\utils.py", line 58, in single_nb_execution
    executenb(
  File "C:\Users\ASUS\AppData\Local\Programs\Python\Python39\lib\site-packages\nbclient\client.py", line 1305, in execute
    return NotebookClient(nb=nb, resources=resources, km=km, **kwargs).execute()
  File "C:\Users\ASUS\AppData\Local\Programs\Python\Python39\lib\site-packages\jupyter_core\utils\__init__.py", line 158, in wrapped
    return loop.run_until_complete(inner)
  File "C:\Users\ASUS\AppData\Local\Programs\Python\Python39\lib\asyncio\base_events.py", line 642, in run_until_complete
    return future.result()
  File "C:\Users\ASUS\AppData\Local\Programs\Python\Python39\lib\site-packages\nbclient\client.py", line 705, in async_execute
    await self.async_execute_cell(
  File "C:\Users\ASUS\AppData\Local\Programs\Python\Python39\lib\site-packages\nbclient\client.py", line 1058, in async_execute_cell
    await self._check_raise_for_error(cell, cell_index, exec_reply)
  File "C:\Users\ASUS\AppData\Local\Programs\Python\Python39\lib\site-packages\nbclient\client.py", line 914, in _check_raise_for_error
    raise CellExecutionError.from_cell_and_msg(cell, exec_reply_content)
nbclient.exceptions.CellExecutionError: An error occurred while executing the following cell:
------------------
import pandas as pd
import numpy as np
from sklearn.preprocessing import MinMaxScaler
from sklearn.neighbors import KNeighborsRegressor

# 1. Membuat Dataset
data = {
    'T': ['T1', 'T2', 'T3', 'T4', 'T5'],
    'X1': [3, 2, 5, 1, 4],
    'X2': [5, 1, 4, 2, 6],
    'X3': [4, 2, 6, 3, 5],
    'Y': [10, 5, np.nan, 6, 12] # np.nan mewakili missing value
}
df = pd.DataFrame(data)

# Memisahkan data training (ada nilai Y) dan data testing (missing Y)
df_train = df.dropna(subset=['Y'])
df_missing = df[df['Y'].isnull()]

# Menentukan kolom fitur
features = ['X1', 'X2', 'X3']

# 2. PROSES NORMALISASI (Min-Max Scaler)
scaler = MinMaxScaler()

# Fit & transform pada data latih, lalu transform pada data missing
X_train_norm = scaler.fit_transform(df_train[features])
X_missing_norm = scaler.transform(df_missing[features])
y_train = df_train['Y'].values

# 3. PEMODELAN WKNN
# Menggunakan k=3 dan weights='distance' untuk menerapkan WKNN
wknn = KNeighborsRegressor(n_neighbors=3, weights='distance')
wknn.fit(X_train_norm, y_train)

# 4. PREDIKSI
y_pred = wknn.predict(X_missing_norm)

print(f"Hasil prediksi Y untuk T3 dengan WKNN: {y_pred[0]:.2f}")
------------------


[1;31m---------------------------------------------------------------------------[0m
[1;31mModuleNotFoundError[0m                       Traceback (most recent call last)
Cell [1;32mIn[1], line 3[0m
[0;32m      1[0m [38;5;28;01mimport[39;00m[38;5;250m [39m[38;5;21;01mpandas[39;00m[38;5;250m [39m[38;5;28;01mas[39;00m[38;5;250m [39m[38;5;21;01mpd[39;00m
[0;32m      2[0m [38;5;28;01mimport[39;00m[38;5;250m [39m[38;5;21;01mnumpy[39;00m[38;5;250m [39m[38;5;28;01mas[39;00m[38;5;250m [39m[38;5;21;01mnp[39;00m
[1;32m----> 3[0m [38;5;28;01mfrom[39;00m[38;5;250m [39m[38;5;21;01msklearn[39;00m[38;5;21;01m.[39;00m[38;5;21;01mpreprocessing[39;00m[38;5;250m [39m[38;5;28;01mimport[39;00m MinMaxScaler
[0;32m      4[0m [38;5;28;01mfrom[39;00m[38;5;250m [39m[38;5;21;01msklearn[39;00m[38;5;21;01m.[39;00m[38;5;21;01mneighbors[39;00m[38;5;250m [39m[38;5;28;01mimport[39;00m KNeighborsRegressor
[0;32m      6[0m [38;5;66;03m# 1. Membuat Dataset[39;00m

[1;31mModuleNotFoundError[0m: No module named 'sklearn'

